Copyright 1986-2021 Xilinx, Inc. All Rights Reserved.
---------------------------------------------------------------------------------------------------
| Tool Version      : Vivado v.2021.1 (lin64) Build 3247384 Thu Jun 10 19:36:07 MDT 2021
| Date              : Sat Feb 26 17:59:02 2022
| Host              : PC running 64-bit Ubuntu 20.04.4 LTS
| Command           : report_clock_utilization -file hardware_wrapper_clock_utilization_routed.rpt
| Design            : hardware_wrapper
| Device            : xck26-sfvc784
| Speed File        : -2LV  PRODUCTION 1.29 08-03-2020
| Temperature Grade : C
| Design State      : Routed
---------------------------------------------------------------------------------------------------

Clock Utilization Report

Table of Contents
-----------------
1. Clock Primitive Utilization
2. Global Clock Resources
3. Global Clock Source Details
4. Local Clock Details
5. Clock Regions : Clock Primitives
6. Clock Regions : Load Primitives
7. Clock Regions : Global Clock Summary
8. Clock Regions : Routing Resource Utilization
9. Device Cell Placement Summary for Global Clock g0
10. Device Cell Placement Summary for Global Clock g1
11. Device Cell Placement Summary for Global Clock g2
12. Device Cell Placement Summary for Global Clock g3
13. Clock Region Cell Placement per Global Clock: Region X0Y0
14. Clock Region Cell Placement per Global Clock: Region X1Y0
15. Clock Region Cell Placement per Global Clock: Region X2Y0
16. Clock Region Cell Placement per Global Clock: Region X0Y1
17. Clock Region Cell Placement per Global Clock: Region X1Y1
18. Clock Region Cell Placement per Global Clock: Region X2Y1
19. Clock Region Cell Placement per Global Clock: Region X0Y2
20. Clock Region Cell Placement per Global Clock: Region X1Y2
21. Clock Region Cell Placement per Global Clock: Region X2Y2
22. Clock Region Cell Placement per Global Clock: Region X0Y3
23. Clock Region Cell Placement per Global Clock: Region X1Y3
24. Clock Region Cell Placement per Global Clock: Region X2Y3

1. Clock Primitive Utilization
------------------------------

+------------+------+-----------+-----+--------------+--------+
| Type       | Used | Available | LOC | Clock Region | Pblock |
+------------+------+-----------+-----+--------------+--------+
| BUFGCE     |    3 |       112 |   0 |            0 |      0 |
| BUFGCE_DIV |    0 |        16 |   0 |            0 |      0 |
| BUFGCTRL   |    0 |        32 |   0 |            0 |      0 |
| BUFG_GT    |    0 |        96 |   0 |            0 |      0 |
| MMCM       |    1 |         4 |   0 |            0 |      0 |
| PLL        |    0 |         8 |   0 |            0 |      0 |
+------------+------+-----------+-----+--------------+--------+


2. Global Clock Resources
-------------------------

+-----------+-----------+-----------------+------------+---------------+--------------+------+-------------------+-------------------+-------------+-----------------+--------------+-------------------------------+---------------------------------------------------------------+---------------------------------------+
| Global Id | Source Id | Driver Type/Pin | Constraint | Site          | Clock Region | Root | Clock Delay Group | Load Clock Region | Clock Loads | Non-Clock Loads | Clock Period | Clock                         | Driver Pin                                                    | Net                                   |
+-----------+-----------+-----------------+------------+---------------+--------------+------+-------------------+-------------------+-------------+-----------------+--------------+-------------------------------+---------------------------------------------------------------+---------------------------------------+
| g0        | src0      | BUFGCE/O        | None       | BUFGCE_X0Y14  | X1Y0         | X2Y3 |                   |                12 |       31274 |               0 |        5.000 | clk_out2_hardware_clk_wiz_0_0 | hardware_i/clk_wiz/inst/clkout2_buf/O                         | hardware_i/clk_wiz/inst/clk_out2      |
| g1        | src1      | BUFGCE/O        | None       | BUFGCE_X0Y17  | X1Y0         | X1Y2 |                   |                 6 |       10278 |               0 |        2.500 | clk_out3_hardware_clk_wiz_0_0 | hardware_i/clk_wiz/inst/clkout3_buf/O                         | hardware_i/clk_wiz/inst/clk_out3      |
| g2        | src2      | BUFGCE/O        | None       | BUFGCE_X0Y12  | X1Y0         | X0Y2 |                   |                 3 |        1157 |               0 |       10.000 | clk_out1_hardware_clk_wiz_0_0 | hardware_i/clk_wiz/inst/clkout1_buf/O                         | hardware_i/clk_wiz/inst/clk_out1      |
| g3        | src3      | BUFG_PS/O       | None       | BUFG_PS_X0Y79 | X0Y3         | X1Y0 | n/a               |                 1 |           0 |               1 |       10.000 | clk_pl_0                      | hardware_i/zynq_ultra_ps/inst/buffer_pl_clk_0.PL_CLK_0_BUFG/O | hardware_i/zynq_ultra_ps/inst/pl_clk0 |
+-----------+-----------+-----------------+------------+---------------+--------------+------+-------------------+-------------------+-------------+-----------------+--------------+-------------------------------+---------------------------------------------------------------+---------------------------------------+
* Clock Loads column represents the clock pin loads (pin count)
** Non-Clock Loads column represents the non-clock pin loads (pin count)


3. Global Clock Source Details
------------------------------

+-----------+-----------+--------------------+------------+-----------+--------------+-------------+-----------------+---------------------+-------------------------------+-------------------------------------------------+-------------------------------------------------------+
| Source Id | Global Id | Driver Type/Pin    | Constraint | Site      | Clock Region | Clock Loads | Non-Clock Loads | Source Clock Period | Source Clock                  | Driver Pin                                      | Net                                                   |
+-----------+-----------+--------------------+------------+-----------+--------------+-------------+-----------------+---------------------+-------------------------------+-------------------------------------------------+-------------------------------------------------------+
| src0      | g0        | MMCME4_ADV/CLKOUT1 | None       | MMCM_X0Y0 | X1Y0         |           1 |               0 |               5.000 | clk_out2_hardware_clk_wiz_0_0 | hardware_i/clk_wiz/inst/mmcme4_adv_inst/CLKOUT1 | hardware_i/clk_wiz/inst/clk_out2_hardware_clk_wiz_0_0 |
| src1      | g1        | MMCME4_ADV/CLKOUT2 | None       | MMCM_X0Y0 | X1Y0         |           1 |               0 |               2.500 | clk_out3_hardware_clk_wiz_0_0 | hardware_i/clk_wiz/inst/mmcme4_adv_inst/CLKOUT2 | hardware_i/clk_wiz/inst/clk_out3_hardware_clk_wiz_0_0 |
| src2      | g2        | MMCME4_ADV/CLKOUT0 | None       | MMCM_X0Y0 | X1Y0         |           1 |               0 |              10.000 | clk_out1_hardware_clk_wiz_0_0 | hardware_i/clk_wiz/inst/mmcme4_adv_inst/CLKOUT0 | hardware_i/clk_wiz/inst/clk_out1_hardware_clk_wiz_0_0 |
| src3      | g3        | PS8/PLCLK[0]       | None       | PS8_X0Y0  | X0Y1         |           1 |               0 |              10.000 | clk_pl_0                      | hardware_i/zynq_ultra_ps/inst/PS8_i/PLCLK[0]    | hardware_i/zynq_ultra_ps/inst/pl_clk_unbuffered[0]    |
+-----------+-----------+--------------------+------------+-----------+--------------+-------------+-----------------+---------------------+-------------------------------+-------------------------------------------------+-------------------------------------------------------+
* Clock Loads column represents the clock pin loads (pin count)
** Non-Clock Loads column represents the non-clock pin loads (pin count)


4. Local Clock Details
----------------------

+----------+-----------------+---------------+------------------------+--------------+-------------+-----------------+--------------+-------+-------------------------------------------------------------------------+-----------------------------------------------------------------+
| Local Id | Driver Type/Pin | Constraint    | Site/BEL               | Clock Region | Clock Loads | Non-Clock Loads | Clock Period | Clock | Driver Pin                                                              | Net                                                             |
+----------+-----------------+---------------+------------------------+--------------+-------------+-----------------+--------------+-------+-------------------------------------------------------------------------+-----------------------------------------------------------------||
| 0        | FDRE/Q          | None          | SLICE_X8Y185/BFF       | X0Y3         |          13 |               1 |              |       | hardware_i/axi_gpio/U0/gpio_core_1/Dual.gpio_Data_Out_reg[1]/Q          | hardware_i/axi_gpio/U0/gpio_core_1/gpio_io_o[11]                - Static -
| 1        | FDCE/Q          | None          | SLICE_X5Y199/DFF       | X0Y3         |          12 |               1 |              |       | hardware_i/div_stepper/inst/clk_out_reg/Q                               | hardware_i/div_stepper/inst/clk_out                             - Static -
| 2        | FDCE/Q          | None          | SLICE_X50Y212/DFF2     | X2Y3         |           9 |               1 |              |       | hardware_i/divider_pwm/inst/clk_out_reg/Q                               | hardware_i/divider_pwm/inst/clk_out                             - Static -
| 3        | SYSMONE4/EOS    | SYSMONE4_X0Y0 | SYSMONE4_X0Y0/SYSMONE4 | X2Y3         |           9 |               3 |              |       | hardware_i/system_management_wiz/inst/AXI_SYSMON_CORE_I/inst_sysmon/EOS | hardware_i/system_management_wiz/inst/AXI_SYSMON_CORE_I/eos_out - Static -
+----------+-----------------+---------------+------------------------+--------------+-------------+-----------------+--------------+-------+-------------------------------------------------------------------------+-----------------------------------------------------------------||
* Local Clocks in this context represents only clocks driven by non-global buffers
** Clock Loads column represents the clock pin loads (pin count)
*** Non-Clock Loads column represents the non-clock pin loads (pin count)


5. Clock Regions : Clock Primitives
-----------------------------------

+-------------------+---------------+---------------+---------------+---------------+---------------+---------------+---------------+
|                   |  Global Clock |     BUFGCE    |   BUFGCE_DIV  |    BUFGCTRL   |    BUFG_GT    |      MMCM     |      PLL      |
+-------------------+-------+-------+-------+-------+-------+-------+-------+-------+-------+-------+-------+-------+-------+-------+
| Clock Region Name | Used  | Avail | Used  | Avail | Used  | Avail | Used  | Avail | Used  | Avail | Used  | Avail | Used  | Avail |
+-------------------+-------+-------+-------+-------+-------+-------+-------+-------+-------+-------+-------+-------+-------+-------+
| X0Y0              |     1 |    24 |     0 |     4 |     0 |     0 |     0 |     0 |     0 |     0 |     0 |     0 |     0 |     0 |
| X1Y0              |     2 |    24 |     3 |    24 |     0 |     4 |     0 |     8 |     0 |     0 |     1 |     1 |     0 |     2 |
| X2Y0              |     1 |    24 |     0 |     0 |     0 |     0 |     0 |     0 |     0 |    24 |     0 |     0 |     0 |     0 |
| X0Y1              |     2 |    24 |     0 |     4 |     0 |     0 |     0 |     0 |     0 |     0 |     0 |     0 |     0 |     0 |
| X1Y1              |     2 |    24 |     0 |    24 |     0 |     4 |     0 |     8 |     0 |     0 |     0 |     1 |     0 |     2 |
| X2Y1              |     2 |    24 |     0 |     0 |     0 |     0 |     0 |     0 |     0 |    24 |     0 |     0 |     0 |     0 |
| X0Y2              |     2 |    24 |     0 |     4 |     0 |     0 |     0 |     0 |     0 |     0 |     0 |     0 |     0 |     0 |
| X1Y2              |     2 |    24 |     0 |    24 |     0 |     4 |     0 |     8 |     0 |     0 |     0 |     1 |     0 |     2 |
| X2Y2              |     2 |    24 |     0 |     0 |     0 |     0 |     0 |     0 |     0 |    24 |     0 |     0 |     0 |     0 |
| X0Y3              |     2 |    24 |     0 |     4 |     0 |     0 |     0 |     0 |     0 |     0 |     0 |     0 |     0 |     0 |
| X1Y3              |     2 |    24 |     0 |    24 |     0 |     4 |     0 |     8 |     0 |     0 |     0 |     1 |     0 |     2 |
| X2Y3              |     2 |    24 |     0 |     0 |     0 |     0 |     0 |     0 |     0 |    24 |     0 |     0 |     0 |     0 |
+-------------------+-------+-------+-------+-------+-------+-------+-------+-------+-------+-------+-------+-------+-------+-------+
* Global Clock column represents track count; while other columns represents cell counts


6. Clock Regions : Load Primitives
----------------------------------

+-------------------+------------------+------------------+------------------+------------------+------------------+------------------+------------------+------------------+
|                   |   Global Clock   |        FF        |      LUTRAM      |  Block RAM (18K) |       URAM       |        DSP       |        GT        |      HARD IP     |
+-------------------+--------+---------+--------+---------+--------+---------+--------+---------+--------+---------+--------+---------+--------+---------+--------+---------+
| Clock Region Name | Used   | Avail   | Used   | Avail   | Used   | Avail   | Used   | Avail   | Used   | Avail   | Used   | Avail   | Used   | Avail   | Used   | Avail   |
+-------------------+--------+---------+--------+---------+--------+---------+--------+---------+--------+---------+--------+---------+--------+---------+--------+---------+
| X0Y0              |      1 |      24 |   1264 |   22080 |     11 |    6240 |      0 |       0 |      0 |       0 |      0 |     144 |      0 |       0 |      0 |       0 |
| X1Y0              |      2 |      24 |    320 |   17280 |      8 |    5280 |      4 |      24 |      0 |       0 |      0 |     144 |      0 |       0 |      0 |       0 |
| X2Y0              |      1 |      24 |    474 |   19200 |      0 |    2880 |     24 |      48 |      0 |      16 |      0 |      24 |      0 |       4 |      0 |       1 |
| X0Y1              |      2 |      24 |   5253 |   22080 |     56 |    6240 |      0 |       0 |      0 |       0 |      2 |     144 |      0 |       0 |      0 |       0 |
| X1Y1              |      2 |      24 |   7282 |   17280 |    151 |    5280 |     21 |      24 |      0 |       0 |     20 |     144 |      0 |       0 |      0 |       0 |
| X2Y1              |      2 |      24 |   6630 |   19200 |    323 |    2880 |     44 |      48 |      0 |      16 |      8 |      24 |      0 |       4 |      0 |       1 |
| X0Y2              |      2 |      24 |   2706 |   22080 |     37 |    6240 |      0 |       0 |      0 |       0 |      0 |     144 |      0 |       0 |      0 |       0 |
| X1Y2              |      2 |      24 |   7702 |   17280 |    306 |    5280 |     20 |      24 |      0 |       0 |    102 |     144 |      0 |       0 |      0 |       0 |
| X2Y2              |      2 |      24 |   6043 |   19200 |    449 |    2880 |     38 |      48 |      0 |      16 |     21 |      24 |      0 |       4 |      0 |       0 |
| X0Y3              |      2 |      24 |   1721 |   22080 |    114 |    6240 |      0 |       0 |      0 |       0 |      0 |     144 |      0 |       0 |      0 |       0 |
| X1Y3              |      2 |      24 |    246 |   17280 |     32 |    5280 |      8 |      24 |      0 |       0 |      4 |     144 |      0 |       0 |      0 |       0 |
| X2Y3              |      2 |      24 |   1127 |   19200 |    128 |    2880 |     24 |      48 |      0 |      16 |      0 |      24 |      0 |       4 |      0 |       0 |
+-------------------+--------+---------+--------+---------+--------+---------+--------+---------+--------+---------+--------+---------+--------+---------+--------+---------+
* Global Clock column represents track count; while other columns represents cell counts


7. Clock Regions : Global Clock Summary
---------------------------------------

All Modules
+----+----+----+----+
|    | X0 | X1 | X2 |
+----+----+----+----+
| Y3 |  3 |  3 |  2 |
| Y2 |  2 |  3 |  2 |
| Y1 |  2 |  3 |  2 |
| Y0 |  2 |  4 |  1 |
+----+----+----+----+


8. Clock Regions : Routing Resource Utilization
-----------------------------------------------

All Modules
+-------------------+----------------------+----------------------+----------------------+----------------------+
|                   |        HROUTES       |        HDISTRS       |        VROUTES       |        VDISTRS       |
+-------------------+------+-------+-------+------+-------+-------+------+-------+-------+------+-------+-------+
| Clock Region Name | Used | Avail | Util% | Used | Avail | Util% | Used | Avail | Util% | Used | Avail | Util% |
+-------------------+------+-------+-------+------+-------+-------+------+-------+-------+------+-------+-------+
| X0Y0              |    1 |    24 |  4.17 |    1 |    24 |  4.17 |    0 |    24 |  0.00 |    0 |    24 |  0.00 |
| X1Y0              |    5 |    24 | 20.83 |    2 |    24 |  8.33 |    1 |    24 |  4.17 |    1 |    24 |  4.17 |
| X2Y0              |    2 |    24 |  8.33 |    1 |    24 |  4.17 |    0 |    24 |  0.00 |    1 |    24 |  4.17 |
| X0Y1              |    0 |    24 |  0.00 |    2 |    24 |  8.33 |    1 |    24 |  4.17 |    1 |    24 |  4.17 |
| X1Y1              |    0 |    24 |  0.00 |    2 |    24 |  8.33 |    2 |    24 |  8.33 |    1 |    24 |  4.17 |
| X2Y1              |    0 |    24 |  0.00 |    2 |    24 |  8.33 |    1 |    24 |  4.17 |    1 |    24 |  4.17 |
| X0Y2              |    0 |    24 |  0.00 |    2 |    24 |  8.33 |    1 |    24 |  4.17 |    1 |    24 |  4.17 |
| X1Y2              |    0 |    24 |  0.00 |    2 |    24 |  8.33 |    2 |    24 |  8.33 |    1 |    24 |  4.17 |
| X2Y2              |    0 |    24 |  0.00 |    2 |    24 |  8.33 |    1 |    24 |  4.17 |    1 |    24 |  4.17 |
| X0Y3              |    2 |    24 |  8.33 |    2 |    24 |  8.33 |    0 |    24 |  0.00 |    0 |    24 |  0.00 |
| X1Y3              |    2 |    24 |  8.33 |    2 |    24 |  8.33 |    1 |    24 |  4.17 |    0 |    24 |  0.00 |
| X2Y3              |    0 |    24 |  0.00 |    2 |    24 |  8.33 |    1 |    24 |  4.17 |    1 |    24 |  4.17 |
+-------------------+------+-------+-------+------+-------+-------+------+-------+-------+------+-------+-------+


9. Device Cell Placement Summary for Global Clock g0
----------------------------------------------------

+-----------+-----------------+-------------------+-------------------------------+-------------+---------------+----------+-------------+----------+----------------+----------+----------------------------------+
| Global Id | Driver Type/Pin | Driver Region (D) | Clock                         | Period (ns) | Waveform (ns) | Root (R) | Slice Loads | IO Loads | Clocking Loads | GT Loads | Net                              |
+-----------+-----------------+-------------------+-------------------------------+-------------+---------------+----------+-------------+----------+----------------+----------+----------------------------------+
| g0        | BUFGCE/O        | X1Y0              | clk_out2_hardware_clk_wiz_0_0 |       5.000 | {0.000 2.500} | X2Y3     |       31166 |        0 |              0 |        0 | hardware_i/clk_wiz/inst/clk_out2 |
+-----------+-----------------+-------------------+-------------------------------+-------------+---------------+----------+-------------+----------+----------------+----------+----------------------------------+
* Slice Loads column represents load cell count of all cell types other than IO, GT and clock resources
** IO Loads column represents load cell count of IO types
*** Clocking Loads column represents load cell count that are clock resources (global clock buffer, MMCM, PLL, etc)
**** GT Loads column represents load cell count of GT types


+----+-------+----------+---------+-----------------------+
|    | X0    | X1       | X2      | HORIZONTAL PROG DELAY |
+----+-------+----------+---------+-----------------------+
| Y3 |  1759 |       85 | (R) 597 |                     3 |
| Y2 |  1752 |     4379 |    3196 |                     2 |
| Y1 |  5197 |     6573 |    5537 |                     1 |
| Y0 |  1275 |  (D) 330 |     486 |                     0 |
+----+-------+----------+---------+-----------------------+


10. Device Cell Placement Summary for Global Clock g1
-----------------------------------------------------

+-----------+-----------------+-------------------+-------------------------------+-------------+---------------+----------+-------------+----------+----------------+----------+----------------------------------+
| Global Id | Driver Type/Pin | Driver Region (D) | Clock                         | Period (ns) | Waveform (ns) | Root (R) | Slice Loads | IO Loads | Clocking Loads | GT Loads | Net                              |
+-----------+-----------------+-------------------+-------------------------------+-------------+---------------+----------+-------------+----------+----------------+----------+----------------------------------+
| g1        | BUFGCE/O        | X1Y0              | clk_out3_hardware_clk_wiz_0_0 |       2.500 | {0.000 1.250} | X1Y2     |       10278 |        0 |              0 |        0 | hardware_i/clk_wiz/inst/clk_out3 |
+-----------+-----------------+-------------------+-------------------------------+-------------+---------------+----------+-------------+----------+----------------+----------+----------------------------------+
* Slice Loads column represents load cell count of all cell types other than IO, GT and clock resources
** IO Loads column represents load cell count of IO types
*** Clocking Loads column represents load cell count that are clock resources (global clock buffer, MMCM, PLL, etc)
**** GT Loads column represents load cell count of GT types


+----+----+----------+-------+-----------------------+
|    | X0 | X1       | X2    | HORIZONTAL PROG DELAY |
+----+----+----------+-------+-----------------------+
| Y3 |  0 |      201 |   653 |                     1 |
| Y2 |  0 | (R) 3741 |  3341 |                     1 |
| Y1 |  0 |      891 |  1451 |                     0 |
| Y0 |  0 |    (D) 0 |     0 |                     0 |
+----+----+----------+-------+-----------------------+


11. Device Cell Placement Summary for Global Clock g2
-----------------------------------------------------

+-----------+-----------------+-------------------+-------------------------------+-------------+---------------+----------+-------------+----------+----------------+----------+----------------------------------+
| Global Id | Driver Type/Pin | Driver Region (D) | Clock                         | Period (ns) | Waveform (ns) | Root (R) | Slice Loads | IO Loads | Clocking Loads | GT Loads | Net                              |
+-----------+-----------------+-------------------+-------------------------------+-------------+---------------+----------+-------------+----------+----------------+----------+----------------------------------+
| g2        | BUFGCE/O        | X1Y0              | clk_out1_hardware_clk_wiz_0_0 |      10.000 | {0.000 5.000} | X0Y2     |        1157 |        0 |              0 |        0 | hardware_i/clk_wiz/inst/clk_out1 |
+-----------+-----------------+-------------------+-------------------------------+-------------+---------------+----------+-------------+----------+----------------+----------+----------------------------------+
* Slice Loads column represents load cell count of all cell types other than IO, GT and clock resources
** IO Loads column represents load cell count of IO types
*** Clocking Loads column represents load cell count that are clock resources (global clock buffer, MMCM, PLL, etc)
**** GT Loads column represents load cell count of GT types


+----+---------+--------+----+-----------------------+
|    | X0      | X1     | X2 | HORIZONTAL PROG DELAY |
+----+---------+--------+----+-----------------------+
| Y3 |      51 |      0 |  0 |                     1 |
| Y2 | (R) 991 |      0 |  0 |                     1 |
| Y1 |     115 |      0 |  0 |                     0 |
| Y0 |       0 |  (D) 0 |  0 |                     0 |
+----+---------+--------+----+-----------------------+


12. Device Cell Placement Summary for Global Clock g3
-----------------------------------------------------

+-----------+-----------------+-------------------+----------+-------------+---------------+----------+-------------+----------+----------------+----------+---------------------------------------+
| Global Id | Driver Type/Pin | Driver Region (D) | Clock    | Period (ns) | Waveform (ns) | Root (R) | Slice Loads | IO Loads | Clocking Loads | GT Loads | Net                                   |
+-----------+-----------------+-------------------+----------+-------------+---------------+----------+-------------+----------+----------------+----------+---------------------------------------+
| g3        | BUFG_PS/O       | X0Y3              | clk_pl_0 |      10.000 | {0.000 5.000} | X1Y0     |           0 |        0 |              1 |        0 | hardware_i/zynq_ultra_ps/inst/pl_clk0 |
+-----------+-----------------+-------------------+----------+-------------+---------------+----------+-------------+----------+----------------+----------+---------------------------------------+
* Slice Loads column represents load cell count of all cell types other than IO, GT and clock resources
** IO Loads column represents load cell count of IO types
*** Clocking Loads column represents load cell count that are clock resources (global clock buffer, MMCM, PLL, etc)
**** GT Loads column represents load cell count of GT types


+----+--------+-------+----+-----------------------+
|    | X0     | X1    | X2 | HORIZONTAL PROG DELAY |
+----+--------+-------+----+-----------------------+
| Y3 |  (D) 0 |     0 |  0 |                     0 |
| Y2 |      0 |     0 |  0 |                     0 |
| Y1 |      0 |     0 |  0 |                     0 |
| Y0 |      0 | (R) 1 |  0 |                     0 |
+----+--------+-------+----+-----------------------+


13. Clock Region Cell Placement per Global Clock: Region X0Y0
-------------------------------------------------------------

+-----------+-------+-----------------+------------+-------------+-----------------+------+--------+------+------+-----+----+------+-----+---------+----------------------------------+
| Global Id | Track | Driver Type/Pin | Constraint | Clock Loads | Non-Clock Loads | FF   | LUTRAM | RAMB | URAM | DSP | GT | MMCM | PLL | Hard IP | Net                              |
+-----------+-------+-----------------+------------+-------------+-----------------+------+--------+------+------+-----+----+------+-----+---------+----------------------------------+
| g0        | 14    | BUFGCE/O        | None       |        1275 |               0 | 1264 |     11 |    0 |    0 |   0 |  0 |    0 |   0 |       0 | hardware_i/clk_wiz/inst/clk_out2 |
| g2+       | 12    | BUFGCE/O        | None       |           0 |               0 |    0 |      0 |    0 |    0 |   0 |  0 |    0 |   0 |       0 | hardware_i/clk_wiz/inst/clk_out1 |
+-----------+-------+-----------------+------------+-------------+-----------------+------+--------+------+------+-----+----+------+-----+---------+----------------------------------+
* Clock Loads column represents the clock pin loads (pin count)
** Non-Clock Loads column represents the non-clock pin loads (pin count)
*** Columns FF, LUTRAM, RAMB through 'Hard IP' represents load cell counts
**** In Global Id column, sympbol '+' indicates that global clock was used only to route through the clock region.


14. Clock Region Cell Placement per Global Clock: Region X1Y0
-------------------------------------------------------------

+-----------+-------+-----------------+------------+-------------+-----------------+-----+--------+------+------+-----+----+------+-----+---------+---------------------------------------+
| Global Id | Track | Driver Type/Pin | Constraint | Clock Loads | Non-Clock Loads | FF  | LUTRAM | RAMB | URAM | DSP | GT | MMCM | PLL | Hard IP | Net                                   |
+-----------+-------+-----------------+------------+-------------+-----------------+-----+--------+------+------+-----+----+------+-----+---------+---------------------------------------+
| g0        | 14    | BUFGCE/O        | None       |         330 |               0 | 320 |      8 |    2 |    0 |   0 |  0 |    0 |   0 |       0 | hardware_i/clk_wiz/inst/clk_out2      |
| g1+       | 17    | BUFGCE/O        | None       |           0 |               0 |   0 |      0 |    0 |    0 |   0 |  0 |    0 |   0 |       0 | hardware_i/clk_wiz/inst/clk_out3      |
| g2+       | 12    | BUFGCE/O        | None       |           0 |               0 |   0 |      0 |    0 |    0 |   0 |  0 |    0 |   0 |       0 | hardware_i/clk_wiz/inst/clk_out1      |
| g3        | 7     | BUFG_PS/O       | None       |           0 |               1 |   0 |      0 |    0 |    0 |   0 |  0 |    1 |   0 |       0 | hardware_i/zynq_ultra_ps/inst/pl_clk0 |
+-----------+-------+-----------------+------------+-------------+-----------------+-----+--------+------+------+-----+----+------+-----+---------+---------------------------------------+
* Clock Loads column represents the clock pin loads (pin count)
** Non-Clock Loads column represents the non-clock pin loads (pin count)
*** Columns FF, LUTRAM, RAMB through 'Hard IP' represents load cell counts
**** In Global Id column, sympbol '+' indicates that global clock was used only to route through the clock region.


15. Clock Region Cell Placement per Global Clock: Region X2Y0
-------------------------------------------------------------

+-----------+-------+-----------------+------------+-------------+-----------------+-----+--------+------+------+-----+----+------+-----+---------+----------------------------------+
| Global Id | Track | Driver Type/Pin | Constraint | Clock Loads | Non-Clock Loads | FF  | LUTRAM | RAMB | URAM | DSP | GT | MMCM | PLL | Hard IP | Net                              |
+-----------+-------+-----------------+------------+-------------+-----------------+-----+--------+------+------+-----+----+------+-----+---------+----------------------------------+
| g0        | 14    | BUFGCE/O        | None       |         486 |               0 | 474 |      0 |   12 |    0 |   0 |  0 |    0 |   0 |       0 | hardware_i/clk_wiz/inst/clk_out2 |
+-----------+-------+-----------------+------------+-------------+-----------------+-----+--------+------+------+-----+----+------+-----+---------+----------------------------------+
* Clock Loads column represents the clock pin loads (pin count)
** Non-Clock Loads column represents the non-clock pin loads (pin count)
*** Columns FF, LUTRAM, RAMB through 'Hard IP' represents load cell counts


16. Clock Region Cell Placement per Global Clock: Region X0Y1
-------------------------------------------------------------

+-----------+-------+-----------------+------------+-------------+-----------------+------+--------+------+------+-----+----+------+-----+---------+----------------------------------+
| Global Id | Track | Driver Type/Pin | Constraint | Clock Loads | Non-Clock Loads | FF   | LUTRAM | RAMB | URAM | DSP | GT | MMCM | PLL | Hard IP | Net                              |
+-----------+-------+-----------------+------------+-------------+-----------------+------+--------+------+------+-----+----+------+-----+---------+----------------------------------+
| g0        | 14    | BUFGCE/O        | None       |        5197 |               0 | 5138 |     56 |    0 |    0 |   2 |  0 |    0 |   0 |       0 | hardware_i/clk_wiz/inst/clk_out2 |
| g2        | 12    | BUFGCE/O        | None       |         115 |               0 |  115 |      0 |    0 |    0 |   0 |  0 |    0 |   0 |       0 | hardware_i/clk_wiz/inst/clk_out1 |
+-----------+-------+-----------------+------------+-------------+-----------------+------+--------+------+------+-----+----+------+-----+---------+----------------------------------+
* Clock Loads column represents the clock pin loads (pin count)
** Non-Clock Loads column represents the non-clock pin loads (pin count)
*** Columns FF, LUTRAM, RAMB through 'Hard IP' represents load cell counts


17. Clock Region Cell Placement per Global Clock: Region X1Y1
-------------------------------------------------------------

+-----------+-------+-----------------+------------+-------------+-----------------+------+--------+------+------+-----+----+------+-----+---------+---------------------------------------+
| Global Id | Track | Driver Type/Pin | Constraint | Clock Loads | Non-Clock Loads | FF   | LUTRAM | RAMB | URAM | DSP | GT | MMCM | PLL | Hard IP | Net                                   |
+-----------+-------+-----------------+------------+-------------+-----------------+------+--------+------+------+-----+----+------+-----+---------+---------------------------------------+
| g0        | 14    | BUFGCE/O        | None       |        6573 |               0 | 6412 |    143 |   11 |    0 |   7 |  0 |    0 |   0 |       0 | hardware_i/clk_wiz/inst/clk_out2      |
| g1        | 17    | BUFGCE/O        | None       |         891 |               0 |  870 |      8 |    0 |    0 |  13 |  0 |    0 |   0 |       0 | hardware_i/clk_wiz/inst/clk_out3      |
| g3+       | 7     | BUFG_PS/O       | None       |           0 |               0 |    0 |      0 |    0 |    0 |   0 |  0 |    0 |   0 |       0 | hardware_i/zynq_ultra_ps/inst/pl_clk0 |
+-----------+-------+-----------------+------------+-------------+-----------------+------+--------+------+------+-----+----+------+-----+---------+---------------------------------------+
* Clock Loads column represents the clock pin loads (pin count)
** Non-Clock Loads column represents the non-clock pin loads (pin count)
*** Columns FF, LUTRAM, RAMB through 'Hard IP' represents load cell counts
**** In Global Id column, sympbol '+' indicates that global clock was used only to route through the clock region.


18. Clock Region Cell Placement per Global Clock: Region X2Y1
-------------------------------------------------------------

+-----------+-------+-----------------+------------+-------------+-----------------+------+--------+------+------+-----+----+------+-----+---------+----------------------------------+
| Global Id | Track | Driver Type/Pin | Constraint | Clock Loads | Non-Clock Loads | FF   | LUTRAM | RAMB | URAM | DSP | GT | MMCM | PLL | Hard IP | Net                              |
+-----------+-------+-----------------+------------+-------------+-----------------+------+--------+------+------+-----+----+------+-----+---------+----------------------------------+
| g0        | 14    | BUFGCE/O        | None       |        5537 |               0 | 5401 |    107 |   27 |    0 |   2 |  0 |    0 |   0 |       0 | hardware_i/clk_wiz/inst/clk_out2 |
| g1        | 17    | BUFGCE/O        | None       |        1451 |               0 | 1229 |    216 |    0 |    0 |   6 |  0 |    0 |   0 |       0 | hardware_i/clk_wiz/inst/clk_out3 |
+-----------+-------+-----------------+------------+-------------+-----------------+------+--------+------+------+-----+----+------+-----+---------+----------------------------------+
* Clock Loads column represents the clock pin loads (pin count)
** Non-Clock Loads column represents the non-clock pin loads (pin count)
*** Columns FF, LUTRAM, RAMB through 'Hard IP' represents load cell counts


19. Clock Region Cell Placement per Global Clock: Region X0Y2
-------------------------------------------------------------

+-----------+-------+-----------------+------------+-------------+-----------------+------+--------+------+------+-----+----+------+-----+---------+----------------------------------+
| Global Id | Track | Driver Type/Pin | Constraint | Clock Loads | Non-Clock Loads | FF   | LUTRAM | RAMB | URAM | DSP | GT | MMCM | PLL | Hard IP | Net                              |
+-----------+-------+-----------------+------------+-------------+-----------------+------+--------+------+------+-----+----+------+-----+---------+----------------------------------+
| g0        | 14    | BUFGCE/O        | None       |        1752 |               0 | 1716 |     36 |    0 |    0 |   0 |  0 |    0 |   0 |       0 | hardware_i/clk_wiz/inst/clk_out2 |
| g2        | 12    | BUFGCE/O        | None       |         991 |               0 |  990 |      1 |    0 |    0 |   0 |  0 |    0 |   0 |       0 | hardware_i/clk_wiz/inst/clk_out1 |
+-----------+-------+-----------------+------------+-------------+-----------------+------+--------+------+------+-----+----+------+-----+---------+----------------------------------+
* Clock Loads column represents the clock pin loads (pin count)
** Non-Clock Loads column represents the non-clock pin loads (pin count)
*** Columns FF, LUTRAM, RAMB through 'Hard IP' represents load cell counts


20. Clock Region Cell Placement per Global Clock: Region X1Y2
-------------------------------------------------------------

+-----------+-------+-----------------+------------+-------------+-----------------+------+--------+------+------+-----+----+------+-----+---------+---------------------------------------+
| Global Id | Track | Driver Type/Pin | Constraint | Clock Loads | Non-Clock Loads | FF   | LUTRAM | RAMB | URAM | DSP | GT | MMCM | PLL | Hard IP | Net                                   |
+-----------+-------+-----------------+------------+-------------+-----------------+------+--------+------+------+-----+----+------+-----+---------+---------------------------------------+
| g0        | 14    | BUFGCE/O        | None       |        4379 |               0 | 4172 |    170 |   10 |    0 |  27 |  0 |    0 |   0 |       0 | hardware_i/clk_wiz/inst/clk_out2      |
| g1        | 17    | BUFGCE/O        | None       |        3741 |               0 | 3530 |    136 |    0 |    0 |  75 |  0 |    0 |   0 |       0 | hardware_i/clk_wiz/inst/clk_out3      |
| g3+       | 7     | BUFG_PS/O       | None       |           0 |               0 |    0 |      0 |    0 |    0 |   0 |  0 |    0 |   0 |       0 | hardware_i/zynq_ultra_ps/inst/pl_clk0 |
+-----------+-------+-----------------+------------+-------------+-----------------+------+--------+------+------+-----+----+------+-----+---------+---------------------------------------+
* Clock Loads column represents the clock pin loads (pin count)
** Non-Clock Loads column represents the non-clock pin loads (pin count)
*** Columns FF, LUTRAM, RAMB through 'Hard IP' represents load cell counts
**** In Global Id column, sympbol '+' indicates that global clock was used only to route through the clock region.


21. Clock Region Cell Placement per Global Clock: Region X2Y2
-------------------------------------------------------------

+-----------+-------+-----------------+------------+-------------+-----------------+------+--------+------+------+-----+----+------+-----+---------+----------------------------------+
| Global Id | Track | Driver Type/Pin | Constraint | Clock Loads | Non-Clock Loads | FF   | LUTRAM | RAMB | URAM | DSP | GT | MMCM | PLL | Hard IP | Net                              |
+-----------+-------+-----------------+------------+-------------+-----------------+------+--------+------+------+-----+----+------+-----+---------+----------------------------------+
| g0        | 14    | BUFGCE/O        | None       |        3196 |               0 | 2961 |    197 |   24 |    0 |  14 |  0 |    0 |   0 |       0 | hardware_i/clk_wiz/inst/clk_out2 |
| g1        | 17    | BUFGCE/O        | None       |        3341 |               0 | 3082 |    252 |    0 |    0 |   7 |  0 |    0 |   0 |       0 | hardware_i/clk_wiz/inst/clk_out3 |
+-----------+-------+-----------------+------------+-------------+-----------------+------+--------+------+------+-----+----+------+-----+---------+----------------------------------+
* Clock Loads column represents the clock pin loads (pin count)
** Non-Clock Loads column represents the non-clock pin loads (pin count)
*** Columns FF, LUTRAM, RAMB through 'Hard IP' represents load cell counts


22. Clock Region Cell Placement per Global Clock: Region X0Y3
-------------------------------------------------------------

+-----------+-------+-----------------+------------+-------------+-----------------+------+--------+------+------+-----+----+------+-----+---------+---------------------------------------+
| Global Id | Track | Driver Type/Pin | Constraint | Clock Loads | Non-Clock Loads | FF   | LUTRAM | RAMB | URAM | DSP | GT | MMCM | PLL | Hard IP | Net                                   |
+-----------+-------+-----------------+------------+-------------+-----------------+------+--------+------+------+-----+----+------+-----+---------+---------------------------------------+
| g0        | 14    | BUFGCE/O        | None       |        1759 |               0 | 1645 |    114 |    0 |    0 |   0 |  0 |    0 |   0 |       0 | hardware_i/clk_wiz/inst/clk_out2      |
| g2        | 12    | BUFGCE/O        | None       |          51 |               0 |   51 |      0 |    0 |    0 |   0 |  0 |    0 |   0 |       0 | hardware_i/clk_wiz/inst/clk_out1      |
| g3+       | 7     | BUFG_PS/O       | None       |           0 |               0 |    0 |      0 |    0 |    0 |   0 |  0 |    0 |   0 |       0 | hardware_i/zynq_ultra_ps/inst/pl_clk0 |
+-----------+-------+-----------------+------------+-------------+-----------------+------+--------+------+------+-----+----+------+-----+---------+---------------------------------------+
* Clock Loads column represents the clock pin loads (pin count)
** Non-Clock Loads column represents the non-clock pin loads (pin count)
*** Columns FF, LUTRAM, RAMB through 'Hard IP' represents load cell counts
**** In Global Id column, sympbol '+' indicates that global clock was used only to route through the clock region.


23. Clock Region Cell Placement per Global Clock: Region X1Y3
-------------------------------------------------------------

+-----------+-------+-----------------+------------+-------------+-----------------+-----+--------+------+------+-----+----+------+-----+---------+---------------------------------------+
| Global Id | Track | Driver Type/Pin | Constraint | Clock Loads | Non-Clock Loads | FF  | LUTRAM | RAMB | URAM | DSP | GT | MMCM | PLL | Hard IP | Net                                   |
+-----------+-------+-----------------+------------+-------------+-----------------+-----+--------+------+------+-----+----+------+-----+---------+---------------------------------------+
| g0        | 14    | BUFGCE/O        | None       |          85 |               0 |  81 |      0 |    4 |    0 |   0 |  0 |    0 |   0 |       0 | hardware_i/clk_wiz/inst/clk_out2      |
| g1        | 17    | BUFGCE/O        | None       |         201 |               0 | 165 |     32 |    0 |    0 |   4 |  0 |    0 |   0 |       0 | hardware_i/clk_wiz/inst/clk_out3      |
| g3+       | 7     | BUFG_PS/O       | None       |           0 |               0 |   0 |      0 |    0 |    0 |   0 |  0 |    0 |   0 |       0 | hardware_i/zynq_ultra_ps/inst/pl_clk0 |
+-----------+-------+-----------------+------------+-------------+-----------------+-----+--------+------+------+-----+----+------+-----+---------+---------------------------------------+
* Clock Loads column represents the clock pin loads (pin count)
** Non-Clock Loads column represents the non-clock pin loads (pin count)
*** Columns FF, LUTRAM, RAMB through 'Hard IP' represents load cell counts
**** In Global Id column, sympbol '+' indicates that global clock was used only to route through the clock region.


24. Clock Region Cell Placement per Global Clock: Region X2Y3
-------------------------------------------------------------

+-----------+-------+-----------------+------------+-------------+-----------------+-----+--------+------+------+-----+----+------+-----+---------+----------------------------------+
| Global Id | Track | Driver Type/Pin | Constraint | Clock Loads | Non-Clock Loads | FF  | LUTRAM | RAMB | URAM | DSP | GT | MMCM | PLL | Hard IP | Net                              |
+-----------+-------+-----------------+------------+-------------+-----------------+-----+--------+------+------+-----+----+------+-----+---------+----------------------------------+
| g0        | 14    | BUFGCE/O        | None       |         597 |               0 | 584 |      0 |   12 |    0 |   0 |  0 |    0 |   0 |       0 | hardware_i/clk_wiz/inst/clk_out2 |
| g1        | 17    | BUFGCE/O        | None       |         653 |               0 | 525 |    128 |    0 |    0 |   0 |  0 |    0 |   0 |       0 | hardware_i/clk_wiz/inst/clk_out3 |
+-----------+-------+-----------------+------------+-------------+-----------------+-----+--------+------+------+-----+----+------+-----+---------+----------------------------------+
* Clock Loads column represents the clock pin loads (pin count)
** Non-Clock Loads column represents the non-clock pin loads (pin count)
*** Columns FF, LUTRAM, RAMB through 'Hard IP' represents load cell counts


