Copyright 1986-2021 Xilinx, Inc. All Rights Reserved.
----------------------------------------------------------------------------------------------------------------------------------------------------------------------
| Tool Version     : Vivado v.2021.1 (lin64) Build 3247384 Thu Jun 10 19:36:07 MDT 2021
| Date             : Sat Feb 26 17:58:57 2022
| Host             : PC running 64-bit Ubuntu 20.04.4 LTS
| Command          : report_power -file hardware_wrapper_power_routed.rpt -pb hardware_wrapper_power_summary_routed.pb -rpx hardware_wrapper_power_routed.rpx
| Design           : hardware_wrapper
| Device           : xck26-sfvc784-2LV-c
| Design State     : routed
| Grade            : commercial
| Process          : typical
| Characterization : Production
----------------------------------------------------------------------------------------------------------------------------------------------------------------------

Power Report

Table of Contents
-----------------
1. Summary
1.1 On-Chip Components
1.2 Power Supply Summary
1.3 Confidence Level
2. Settings
2.1 Environment
2.2 Clock Constraints
3. Detailed Reports
3.1 By Hierarchy

1. Summary
----------

+--------------------------+--------------+
| Total On-Chip Power (W)  | 3.903        |
| Design Power Budget (W)  | Unspecified* |
| Power Budget Margin (W)  | NA           |
| Dynamic (W)              | 3.572        |
| Device Static (W)        | 0.331        |
| Effective TJA (C/W)      | 2.3          |
| Max Ambient (C)          | 75.9         |
| Junction Temperature (C) | 34.1         |
| Confidence Level         | Low          |
| Setting File             | ---          |
| Simulation Activity File | ---          |
| Design Nets Matched      | NA           |
+--------------------------+--------------+
* Specify Design Power Budget using, set_operating_conditions -design_power_budget <value in Watts>


1.1 On-Chip Components
----------------------

+--------------------------+-----------+----------+-----------+-----------------+
| On-Chip                  | Power (W) | Used     | Available | Utilization (%) |
+--------------------------+-----------+----------+-----------+-----------------+
| Clocks                   |     0.201 |        8 |       --- |             --- |
| CLB Logic                |     0.152 |    77411 |       --- |             --- |
|   LUT as Logic           |     0.094 |    23064 |    117120 |           19.69 |
|   Register               |     0.020 |    40768 |    234240 |           17.40 |
|   LUT as Shift Register  |     0.020 |      836 |     57600 |            1.45 |
|   LUT as Distributed RAM |     0.015 |     1420 |     57600 |            2.47 |
|   CARRY8                 |     0.004 |      695 |     14640 |            4.75 |
|   Others                 |     0.000 |     2032 |       --- |             --- |
|   F7/F8 Muxes            |     0.000 |      309 |    117120 |            0.26 |
| Signals                  |     0.347 |    64519 |       --- |             --- |
| Block RAM                |     0.102 |     91.5 |       144 |           63.54 |
| MMCM                     |     0.099 |        0 |       --- |             --- |
| DSPs                     |     0.110 |      158 |      1248 |           12.66 |
| I/O                      |     0.004 |        6 |       186 |            3.23 |
| SYSMON                   |     0.003 |        1 |       --- |             --- |
| PS8                      |     2.554 |        1 |       --- |             --- |
| Static Power             |     0.331 |          |           |                 |
|   PS Static              |     0.000 |          |           |                 |
|   PL Static              |     0.331 |          |           |                 |
| Total                    |     3.903 |          |           |                 |
+--------------------------+-----------+----------+-----------+-----------------+


1.2 Power Supply Summary
------------------------

+-----------------+-------------+-----------+-------------+------------+-------------+-------------+------------+
| Source          | Voltage (V) | Total (A) | Dynamic (A) | Static (A) | Powerup (A) | Budget (A)  | Margin (A) |
+-----------------+-------------+-----------+-------------+------------+-------------+-------------+------------+
| Vccint          |       0.720 |     1.361 |       1.263 |      0.098 |       NA    | Unspecified | NA         |
| Vccint_io       |       0.850 |     0.037 |       0.000 |      0.037 |       NA    | Unspecified | NA         |
| Vccbram         |       0.850 |     0.009 |       0.008 |      0.001 |       NA    | Unspecified | NA         |
| Vccaux          |       1.800 |     0.129 |       0.055 |      0.075 |       NA    | Unspecified | NA         |
| Vccaux_io       |       1.800 |     0.032 |       0.000 |      0.031 |       NA    | Unspecified | NA         |
| Vcco33          |       3.300 |     0.008 |       0.001 |      0.007 |       NA    | Unspecified | NA         |
| Vcco25          |       2.500 |     0.000 |       0.000 |      0.000 |       NA    | Unspecified | NA         |
| Vcco18          |       1.800 |     0.000 |       0.000 |      0.000 |       NA    | Unspecified | NA         |
| Vcco15          |       1.500 |     0.000 |       0.000 |      0.000 |       NA    | Unspecified | NA         |
| Vcco135         |       1.350 |     0.000 |       0.000 |      0.000 |       NA    | Unspecified | NA         |
| Vcco12          |       1.200 |     0.000 |       0.000 |      0.000 |       NA    | Unspecified | NA         |
| Vcco10          |       1.000 |     0.000 |       0.000 |      0.000 |       NA    | Unspecified | NA         |
| Vccadc          |       1.800 |     0.008 |       0.000 |      0.008 |       NA    | Unspecified | NA         |
| VCC_PSINTFP     |       0.850 |     0.967 |       0.967 |      0.000 |       NA    | Unspecified | NA         |
| VCC_PSINTLP     |       0.850 |     0.254 |       0.254 |      0.000 |       NA    | Unspecified | NA         |
| VPS_MGTRAVCC    |       0.850 |     0.067 |       0.067 |      0.000 |       NA    | Unspecified | NA         |
| VCC_PSINTFP_DDR |       0.850 |     0.726 |       0.726 |      0.000 |       NA    | Unspecified | NA         |
| VCC_PSPLL       |       1.200 |     0.071 |       0.071 |      0.000 |       NA    | Unspecified | NA         |
| VPS_MGTRAVTT    |       1.800 |     0.025 |       0.025 |      0.000 |       NA    | Unspecified | NA         |
| VCCO_PSDDR_504  |       1.200 |     0.592 |       0.592 |      0.000 |       NA    | Unspecified | NA         |
| VCC_PSAUX       |       1.800 |     0.000 |       0.000 |      0.000 |       NA    | Unspecified | NA         |
| VCC_PSBATT      |       1.200 |     0.000 |       0.000 |      0.000 |       NA    | Unspecified | NA         |
| VCC_PSDDR_PLL   |       1.800 |     0.000 |       0.000 |      0.000 |       NA    | Unspecified | NA         |
| VCCO_PSIO0_500  |       1.800 |     0.000 |       0.000 |      0.000 |       NA    | Unspecified | NA         |
| VCCO_PSIO1_501  |       1.800 |     0.000 |       0.000 |      0.000 |       NA    | Unspecified | NA         |
| VCCO_PSIO2_502  |       1.800 |     0.000 |       0.000 |      0.000 |       NA    | Unspecified | NA         |
| VCCO_PSIO3_503  |       1.800 |     0.000 |       0.000 |      0.000 |       NA    | Unspecified | NA         |
| VCC_PSADC       |       1.800 |     0.000 |       0.000 |      0.000 |       NA    | Unspecified | NA         |
| MGTAVcc         |       0.900 |     0.000 |       0.000 |      0.000 |       NA    | Unspecified | NA         |
| MGTAVtt         |       1.200 |     0.000 |       0.000 |      0.000 |       NA    | Unspecified | NA         |
| MGTVccaux       |       1.800 |     0.000 |       0.000 |      0.000 |       NA    | Unspecified | NA         |
+-----------------+-------------+-----------+-------------+------------+-------------+-------------+------------+


1.3 Confidence Level
--------------------

+-----------------------------+------------+--------------------------------------------------------+------------------------------------------------------------------------------------------------------------+
| User Input Data             | Confidence | Details                                                | Action                                                                                                     |
+-----------------------------+------------+--------------------------------------------------------+------------------------------------------------------------------------------------------------------------+
| Design implementation state | High       | Design is routed                                       |                                                                                                            |
| Clock nodes activity        | High       | User specified more than 95% of clocks                 |                                                                                                            |
| I/O nodes activity          | Low        | More than 75% of inputs are missing user specification | Provide missing input activity with simulation results or by editing the "By Resource Type -> I/Os" view   |
| Internal nodes activity     | Medium     | User specified less than 25% of internal nodes         | Provide missing internal nodes activity with simulation results or by editing the "By Resource Type" views |
| Device models               | High       | Device models are Production                           |                                                                                                            |
|                             |            |                                                        |                                                                                                            |
| Overall confidence level    | Low        |                                                        |                                                                                                            |
+-----------------------------+------------+--------------------------------------------------------+------------------------------------------------------------------------------------------------------------+


2. Settings
-----------

2.1 Environment
---------------

+-----------------------+--------------------------+
| Ambient Temp (C)      | 25.0                     |
| ThetaJA (C/W)         | 2.3                      |
| Airflow (LFM)         | 250                      |
| Heat Sink             | medium (Medium Profile)  |
| ThetaSA (C/W)         | 5.5                      |
| Board Selection       | medium (10"x10")         |
| # of Board Layers     | 12to15 (12 to 15 Layers) |
| Board Temperature (C) | 25.0                     |
+-----------------------+--------------------------+


2.2 Clock Constraints
---------------------

+-------------------------------+-------------------------------------------------------+-----------------+
| Clock                         | Domain                                                | Constraint (ns) |
+-------------------------------+-------------------------------------------------------+-----------------+
| clk_out1_hardware_clk_wiz_0_0 | hardware_i/clk_wiz/inst/clk_out1_hardware_clk_wiz_0_0 |            10.0 |
| clk_out2_hardware_clk_wiz_0_0 | hardware_i/clk_wiz/inst/clk_out2_hardware_clk_wiz_0_0 |             5.0 |
| clk_out3_hardware_clk_wiz_0_0 | hardware_i/clk_wiz/inst/clk_out3_hardware_clk_wiz_0_0 |             2.5 |
| clk_pl_0                      | hardware_i/zynq_ultra_ps/inst/pl_clk0                 |            10.0 |
| clk_pl_0                      | hardware_i/zynq_ultra_ps/inst/pl_clk_unbuffered[0]    |            10.0 |
+-------------------------------+-------------------------------------------------------+-----------------+


3. Detailed Reports
-------------------

3.1 By Hierarchy
----------------

+---------------------------+-----------+
| Name                      | Power (W) |
+---------------------------+-----------+
| hardware_wrapper          |     3.572 |
|   hardware_i              |     3.568 |
|     axi_interconnect_1    |     0.013 |
|       m00_couplers        |     0.003 |
|       m01_couplers        |     0.001 |
|       m02_couplers        |     0.004 |
|       m03_couplers        |     0.003 |
|       xbar                |     0.002 |
|     axi_interconnect_2    |     0.004 |
|       s00_couplers        |     0.004 |
|     clk_wiz               |     0.099 |
|       inst                |     0.099 |
|     div_stepper           |     0.004 |
|       inst                |     0.004 |
|     divider_pwm           |     0.007 |
|       inst                |     0.007 |
|     dpuczdx8g_0           |     0.875 |
|       inst                |     0.875 |
|     system_management_wiz |     0.006 |
|       inst                |     0.006 |
|     temp2pwm              |     0.001 |
|       inst                |     0.001 |
|     zynq_ultra_ps         |     2.556 |
|       inst                |     2.556 |
+---------------------------+-----------+


