Copyright 1986-2021 Xilinx, Inc. All Rights Reserved.
------------------------------------------------------------------------------------------------------------------------------------
| Tool Version : Vivado v.2021.1 (win64) Build 3247384 Thu Jun 10 19:36:33 MDT 2021
| Date         : Sun Jan  9 03:36:39 2022
| Host         : DESKTOP-OELG8MS running 64-bit major release  (build 9200)
| Command      : report_drc -file system_wrapper_drc_routed.rpt -pb system_wrapper_drc_routed.pb -rpx system_wrapper_drc_routed.rpx
| Design       : system_wrapper
| Device       : xck26-sfvc784-2LV-c
| Speed File   : -2LV
| Design State : Fully Routed
------------------------------------------------------------------------------------------------------------------------------------

Report DRC

Table of Contents
-----------------
1. REPORT SUMMARY
2. REPORT DETAILS

1. REPORT SUMMARY
-----------------
            Netlist: netlist
          Floorplan: design_1
      Design limits: <entire design considered>
           Ruledeck: default
             Max violations: <unlimited>
             Violations found: 6
+-----------+------------------+----------------------------+------------+
| Rule      | Severity         | Description                | Violations |
+-----------+------------------+----------------------------+------------+
| NSTD-1    | Critical Warning | Unspecified I/O Standard   | 1          |
| UCIO-1    | Critical Warning | Unconstrained Logical Port | 1          |
| DPIP-2    | Warning          | Input pipelining           | 1          |
| DPOP-3    | Warning          | PREG Output pipelining     | 1          |
| DPOP-4    | Warning          | MREG Output pipelining     | 1          |
| RTSTAT-10 | Warning          | No routable loads          | 1          |
+-----------+------------------+----------------------------+------------+

2. REPORT DETAILS
-----------------
NSTD-1#1 Critical Warning
Unspecified I/O Standard  
7 out of 8 logical ports use I/O standard (IOSTANDARD) value 'DEFAULT', instead of a user assigned specific value. This may cause I/O contention or incompatibility with the board power or connectivity affecting performance, signal integrity or in extreme cases cause damage to the device or the components to which it is connected. To correct this violation, specify all I/O standards. This design will fail to generate a bitstream unless all logical ports have a user specified I/O standard value defined. To allow bitstream creation with unspecified I/O standard values (not recommended), use this command: set_property SEVERITY {Warning} [get_drc_checks NSTD-1].  NOTE: When using the Vivado Runs infrastructure (e.g. launch_runs Tcl command), add this command to a .tcl file and add that file as a pre-hook for write_bitstream step for the implementation run. Problem ports: I2C_scl_io, I2C_sda_io, dir, ena, step, stop1, stop2.
Related violations: <none>

UCIO-1#1 Critical Warning
Unconstrained Logical Port  
7 out of 8 logical ports have no user assigned specific location constraint (LOC). This may cause I/O contention or incompatibility with the board power or connectivity affecting performance, signal integrity or in extreme cases cause damage to the device or the components to which it is connected. To correct this violation, specify all pin locations. This design will fail to generate a bitstream unless all logical ports have a user specified site LOC constraint defined.  To allow bitstream creation with unspecified pin locations (not recommended), use this command: set_property SEVERITY {Warning} [get_drc_checks UCIO-1].  NOTE: When using the Vivado Runs infrastructure (e.g. launch_runs Tcl command), add this command to a .tcl file and add that file as a pre-hook for write_bitstream step for the implementation run.  Problem ports: I2C_scl_io, I2C_sda_io, dir, ena, step, stop1, stop2.
Related violations: <none>

DPIP-2#1 Warning
Input pipelining  
DSP system_i/temp2pwm_0/inst/pwm_on5 input system_i/temp2pwm_0/inst/pwm_on5/A[29:0] is not pipelined. Pipelining DSP48 input will improve performance.
Related violations: <none>

DPOP-3#1 Warning
PREG Output pipelining  
DSP system_i/temp2pwm_0/inst/pwm_on5 output system_i/temp2pwm_0/inst/pwm_on5/P[47:0] is not pipelined (PREG=0). Pipelining the DSP48 output will improve performance and often saves power so it is suggested whenever possible to fully pipeline this function.  If this DSP48 function was inferred, it is suggested to describe an additional register stage after this function.  If the DSP48 was instantiated in the design, it is suggested to set the PREG attribute to 1.
Related violations: <none>

DPOP-4#1 Warning
MREG Output pipelining  
DSP system_i/temp2pwm_0/inst/pwm_on5 multiplier stage system_i/temp2pwm_0/inst/pwm_on5/P[47:0] is not pipelined (MREG=0). Pipelining the multiplier function will improve performance and will save significant power so it is suggested whenever possible to fully pipeline this function.  If this multiplier was inferred, it is suggested to describe an additional register stage after this function.  If there is no registered adder/accumulator following the multiply function, two pipeline stages are suggested to allow both the MREG and PREG registers to be used.  If the DSP48 was instantiated in the design, it is suggested to set both the MREG and PREG attributes to 1 when performing multiply functions.
Related violations: <none>

RTSTAT-10#1 Warning
No routable loads  
150 net(s) have no routable loads. The problem bus(es) and/or net(s) are system_i/system_management_wiz_0/inst/AXI_SYSMON_CORE_I/daddr_C_master_reg2[7:0],
system_i/system_management_wiz_0/inst/AXI_SYSMON_CORE_I/daddr_C_master_reg[7:0],
system_i/system_management_wiz_0/inst/AXI_SYSMON_CORE_I/daddr_C_slave0_reg2[7:0],
system_i/system_management_wiz_0/inst/AXI_SYSMON_CORE_I/daddr_C_slave0_reg[7:0],
system_i/system_management_wiz_0/inst/AXI_SYSMON_CORE_I/daddr_C_slave1_reg2[7:0],
system_i/system_management_wiz_0/inst/AXI_SYSMON_CORE_I/daddr_C_slave1_reg[7:0],
system_i/system_management_wiz_0/inst/AXI_SYSMON_CORE_I/di_C_master_reg2[15:0],
system_i/system_management_wiz_0/inst/AXI_SYSMON_CORE_I/di_C_master_reg[15:0],
system_i/system_management_wiz_0/inst/AXI_SYSMON_CORE_I/di_C_slave0_reg2[15:0],
system_i/system_management_wiz_0/inst/AXI_SYSMON_CORE_I/di_C_slave0_reg[15:0],
system_i/system_management_wiz_0/inst/AXI_SYSMON_CORE_I/di_C_slave1_reg2[15:0],
system_i/system_management_wiz_0/inst/AXI_SYSMON_CORE_I/di_C_slave1_reg[15:0],
system_i/system_management_wiz_0/inst/AXI_SYSMON_CORE_I/dwe_C_master_reg,
system_i/system_management_wiz_0/inst/AXI_SYSMON_CORE_I/dwe_C_master_reg2,
system_i/system_management_wiz_0/inst/AXI_SYSMON_CORE_I/dwe_C_slave0_reg
 (the first 15 of 18 listed).
Related violations: <none>


