Copyright 1986-2021 Xilinx, Inc. All Rights Reserved.
--------------------------------------------------------------------------------------------------------------------------------------------------------------------------
| Tool Version : Vivado v.2021.1 (win64) Build 3247384 Thu Jun 10 19:36:33 MDT 2021
| Date         : Thu Jan 13 02:07:59 2022
| Host         : DESKTOP-OELG8MS running 64-bit major release  (build 9200)
| Command      : report_accelerator_utilization -kernels { krnl_vadd:system_i/krnl_vadd_1/inst:krnl_vadd_1} -file kernel_util_synthed.rpt -name kernel_util_synthed -json
| Design       : system_wrapper
| Device       : xck26
| Design State : Synthesized
--------------------------------------------------------------------------------------------------------------------------------------------------------------------------

Accelerator Utilization Design Information

Table of Contents
-----------------
1. System Utilization

1. System Utilization
---------------------

+---------------------+------------------+-----------------+------------------+---------------+--------------+----------------+
| Name                | LUT              | LUTAsMem        | REG              | BRAM          | URAM         | DSP            |
+---------------------+------------------+-----------------+------------------+---------------+--------------+----------------+
| Platform            |   5127 [  4.38%] |   398 [  0.69%] |   6593 [  2.81%] |   0 [  0.00%] |  0 [  0.00%] |    0 [  0.00%] |
| User Budget         | 111993 [100.00%] | 57202 [100.00%] | 227647 [100.00%] | 144 [100.00%] | 64 [100.00%] | 1248 [100.00%] |
|    Used Resources   |   2548 [  2.28%] |   681 [  1.19%] |   3149 [  1.38%] |   1 [  0.69%] |  0 [  0.00%] |    0 [  0.00%] |
|    Unused Resources | 109445 [ 97.72%] | 56521 [ 98.81%] | 224498 [ 98.62%] | 143 [ 99.31%] | 64 [100.00%] | 1248 [100.00%] |
| krnl_vadd           |   2548 [  2.28%] |   681 [  1.19%] |   3149 [  1.38%] |   1 [  0.69%] |  0 [  0.00%] |    0 [  0.00%] |
|    krnl_vadd_1      |   2548 [  2.28%] |   681 [  1.19%] |   3149 [  1.38%] |   1 [  0.69%] |  0 [  0.00%] |    0 [  0.00%] |
+---------------------+------------------+-----------------+------------------+---------------+--------------+----------------+


